Release 14.2 - xst P.28xd (nt64)
Copyright (c) 1995-2012 Xilinx, Inc.  All rights reserved.
--> Parameter TMPDIR set to xst/projnav.tmp


Total REAL time to Xst completion: 0.00 secs
Total CPU time to Xst completion: 0.39 secs
 
--> Parameter xsthdpdir set to xst


Total REAL time to Xst completion: 0.00 secs
Total CPU time to Xst completion: 0.39 secs
 
--> Reading design: pattern.prj

TABLE OF CONTENTS
  1) Synthesis Options Summary
  2) HDL Parsing
  3) HDL Elaboration
  4) HDL Synthesis
       4.1) HDL Synthesis Report
  5) Advanced HDL Synthesis
       5.1) Advanced HDL Synthesis Report
  6) Low Level Synthesis
  7) Partition Report
  8) Design Summary
       8.1) Primitive and Black Box Usage
       8.2) Device utilization summary
       8.3) Partition Resource Summary
       8.4) Timing Report
            8.4.1) Clock Information
            8.4.2) Asynchronous Control Signals Information
            8.4.3) Timing Summary
            8.4.4) Timing Details
            8.4.5) Cross Clock Domains Report


=========================================================================
*                      Synthesis Options Summary                        *
=========================================================================
---- Source Parameters
Input File Name                    : "pattern.prj"
Ignore Synthesis Constraint File   : NO

---- Target Parameters
Output File Name                   : "pattern"
Output Format                      : NGC
Target Device                      : xc6slx45-3-csg324

---- Source Options
Top Module Name                    : pattern
Automatic FSM Extraction           : YES
FSM Encoding Algorithm             : Auto
Safe Implementation                : No
FSM Style                          : LUT
RAM Extraction                     : Yes
RAM Style                          : Auto
ROM Extraction                     : Yes
Shift Register Extraction          : YES
ROM Style                          : Auto
Resource Sharing                   : YES
Asynchronous To Synchronous        : NO
Shift Register Minimum Size        : 2
Use DSP Block                      : Auto
Automatic Register Balancing       : No

---- Target Options
LUT Combining                      : Auto
Reduce Control Sets                : Auto
Add IO Buffers                     : YES
Global Maximum Fanout              : 100000
Add Generic Clock Buffer(BUFG)     : 16
Register Duplication               : YES
Optimize Instantiated Primitives   : NO
Use Clock Enable                   : Auto
Use Synchronous Set                : Auto
Use Synchronous Reset              : Auto
Pack IO Registers into IOBs        : Auto
Equivalent register Removal        : YES

---- General Options
Optimization Goal                  : Speed
Optimization Effort                : 1
Power Reduction                    : NO
Keep Hierarchy                     : No
Netlist Hierarchy                  : As_Optimized
RTL Output                         : Yes
Global Optimization                : AllClockNets
Read Cores                         : YES
Write Timing Constraints           : NO
Cross Clock Analysis               : NO
Hierarchy Separator                : /
Bus Delimiter                      : <>
Case Specifier                     : Maintain
Slice Utilization Ratio            : 100
BRAM Utilization Ratio             : 100
DSP48 Utilization Ratio            : 100
Auto BRAM Packing                  : NO
Slice Utilization Ratio Delta      : 5

=========================================================================


=========================================================================
*                          HDL Parsing                                  *
=========================================================================
Parsing VHDL file "C:\Users\C15Kevin.Cooper\Desktop\Documents\ECE383\patternMatcher\template_matcher_struct.vhd" into library work
Parsing entity <bad_matcher>.
Parsing architecture <arch> of entity <bad_matcher>.
Parsing VHDL file "C:\Users\C15Kevin.Cooper\Desktop\Documents\ECE383\patternMatcher\shifter.vhd" into library work
Parsing entity <shifter>.
Parsing architecture <arch> of entity <shifter>.
Parsing VHDL file "C:\Users\C15Kevin.Cooper\Desktop\Documents\ECE383\patternMatcher\matcher_struct.vhd" into library work
Parsing entity <apple_matcher>.
Parsing architecture <arch> of entity <apple_matcher>.
Parsing VHDL file "C:\Users\C15Kevin.Cooper\Desktop\Documents\ECE383\patternMatcher\pattern.vhd" into library work
Parsing entity <pattern>.
Parsing architecture <Behavioral> of entity <pattern>.

=========================================================================
*                            HDL Elaboration                            *
=========================================================================

Elaborating entity <pattern> (architecture <Behavioral>) from library <work>.

Elaborating entity <shifter> (architecture <arch>) from library <work>.
WARNING:HDLCompiler:92 - "C:\Users\C15Kevin.Cooper\Desktop\Documents\ECE383\patternMatcher\shifter.vhd" Line 24: alt should be on the sensitivity list of the process

Elaborating entity <bad_matcher> (architecture <arch>) from library <work>.
WARNING:HDLCompiler:1127 - "C:\Users\C15Kevin.Cooper\Desktop\Documents\ECE383\patternMatcher\template_matcher_struct.vhd" Line 18: Assignment to word_four ignored, since the identifier is never used
WARNING:HDLCompiler:1127 - "C:\Users\C15Kevin.Cooper\Desktop\Documents\ECE383\patternMatcher\template_matcher_struct.vhd" Line 19: Assignment to word_five ignored, since the identifier is never used
WARNING:HDLCompiler:1127 - "C:\Users\C15Kevin.Cooper\Desktop\Documents\ECE383\patternMatcher\template_matcher_struct.vhd" Line 20: Assignment to word_six ignored, since the identifier is never used
WARNING:HDLCompiler:1127 - "C:\Users\C15Kevin.Cooper\Desktop\Documents\ECE383\patternMatcher\template_matcher_struct.vhd" Line 21: Assignment to word_seven ignored, since the identifier is never used
WARNING:HDLCompiler:1127 - "C:\Users\C15Kevin.Cooper\Desktop\Documents\ECE383\patternMatcher\template_matcher_struct.vhd" Line 22: Assignment to word_eight ignored, since the identifier is never used

Elaborating entity <apple_matcher> (architecture <arch>) from library <work>.
WARNING:HDLCompiler:1127 - "C:\Users\C15Kevin.Cooper\Desktop\Documents\ECE383\patternMatcher\matcher_struct.vhd" Line 20: Assignment to word_six ignored, since the identifier is never used
WARNING:HDLCompiler:1127 - "C:\Users\C15Kevin.Cooper\Desktop\Documents\ECE383\patternMatcher\matcher_struct.vhd" Line 21: Assignment to word_seven ignored, since the identifier is never used
WARNING:HDLCompiler:1127 - "C:\Users\C15Kevin.Cooper\Desktop\Documents\ECE383\patternMatcher\matcher_struct.vhd" Line 22: Assignment to word_eight ignored, since the identifier is never used

=========================================================================
*                           HDL Synthesis                               *
=========================================================================

Synthesizing Unit <pattern>.
    Related source file is "C:\Users\C15Kevin.Cooper\Desktop\Documents\ECE383\patternMatcher\pattern.vhd".
    Summary:
	no macro.
Unit <pattern> synthesized.

Synthesizing Unit <shifter>.
    Related source file is "C:\Users\C15Kevin.Cooper\Desktop\Documents\ECE383\patternMatcher\shifter.vhd".
    Found 256-bit register for signal <mah_data>.
    Found 1-bit register for signal <alt_old>.
    Summary:
	inferred 257 D-type flip-flop(s).
Unit <shifter> synthesized.

Synthesizing Unit <bad_matcher>.
    Related source file is "C:\Users\C15Kevin.Cooper\Desktop\Documents\ECE383\patternMatcher\template_matcher_struct.vhd".
WARNING:Xst:647 - Input <data_in<231:0>> is never used. This port will be preserved and left unconnected if it belongs to a top-level block or it belongs to a sub-block and the hierarchy of this sub-block is preserved.
    Summary:
	no macro.
Unit <bad_matcher> synthesized.

Synthesizing Unit <apple_matcher>.
    Related source file is "C:\Users\C15Kevin.Cooper\Desktop\Documents\ECE383\patternMatcher\matcher_struct.vhd".
WARNING:Xst:647 - Input <data_in<215:0>> is never used. This port will be preserved and left unconnected if it belongs to a top-level block or it belongs to a sub-block and the hierarchy of this sub-block is preserved.
    Summary:
	no macro.
Unit <apple_matcher> synthesized.

=========================================================================
HDL Synthesis Report

Macro Statistics
# Registers                                            : 2
 1-bit register                                        : 1
 256-bit register                                      : 1
# Xors                                                 : 1
 1-bit xor2                                            : 1

=========================================================================

=========================================================================
*                       Advanced HDL Synthesis                          *
=========================================================================


=========================================================================
Advanced HDL Synthesis Report

Macro Statistics
# Registers                                            : 257
 Flip-Flops                                            : 257
# Xors                                                 : 1
 1-bit xor2                                            : 1

=========================================================================

=========================================================================
*                         Low Level Synthesis                           *
=========================================================================

Optimizing unit <pattern> ...

Optimizing unit <shifter> ...

Mapping all equations...
Building and optimizing final netlist ...
Found area constraint ratio of 100 (+ 5) on block pattern, actual ratio is 1.
FlipFlop shifty/alt_old has been replicated 17 time(s)

Final Macro Processing ...

=========================================================================
Final Register Report

Macro Statistics
# Registers                                            : 274
 Flip-Flops                                            : 274

=========================================================================

=========================================================================
*                           Partition Report                            *
=========================================================================

Partition Implementation Status
-------------------------------

  No Partitions were found in this design.

-------------------------------

=========================================================================
*                            Design Summary                             *
=========================================================================

Top Level Output File Name         : pattern.ngc

Primitive and Black Box Usage:
------------------------------
# BELS                             : 267
#      LUT3                        : 2
#      LUT4                        : 256
#      LUT5                        : 2
#      LUT6                        : 7
# FlipFlops/Latches                : 274
#      FD                          : 18
#      FDC                         : 256
# Clock Buffers                    : 1
#      BUFGP                       : 1
# IO Buffers                       : 19
#      IBUF                        : 10
#      OBUF                        : 9

Device utilization summary:
---------------------------

Selected Device : 6slx45csg324-3 


Slice Logic Utilization: 
 Number of Slice Registers:             274  out of  54576     0%  
 Number of Slice LUTs:                  267  out of  27288     0%  
    Number used as Logic:               267  out of  27288     0%  

Slice Logic Distribution: 
 Number of LUT Flip Flop pairs used:    279
   Number with an unused Flip Flop:       5  out of    279     1%  
   Number with an unused LUT:            12  out of    279     4%  
   Number of fully used LUT-FF pairs:   262  out of    279    93%  
   Number of unique control sets:         2

IO Utilization: 
 Number of IOs:                          20
 Number of bonded IOBs:                  20  out of    218     9%  

Specific Feature Utilization:
 Number of BUFG/BUFGCTRLs:                1  out of     16     6%  

---------------------------
Partition Resource Summary:
---------------------------

  No Partitions were found in this design.

---------------------------


=========================================================================
Timing Report

NOTE: THESE TIMING NUMBERS ARE ONLY A SYNTHESIS ESTIMATE.
      FOR ACCURATE TIMING INFORMATION PLEASE REFER TO THE TRACE REPORT
      GENERATED AFTER PLACE-and-ROUTE.

Clock Information:
------------------
-----------------------------------+------------------------+-------+
Clock Signal                       | Clock buffer(FF name)  | Load  |
-----------------------------------+------------------------+-------+
clk                                | BUFGP                  | 274   |
-----------------------------------+------------------------+-------+

Asynchronous Control Signals Information:
----------------------------------------
No asynchronous control signals found in this design

Timing Summary:
---------------
Speed Grade: -3

   Minimum period: 1.736ns (Maximum Frequency: 576.070MHz)
   Minimum input arrival time before clock: 3.841ns
   Maximum output required time after clock: 6.747ns
   Maximum combinational path delay: No path found

Timing Details:
---------------
All values displayed in nanoseconds (ns)

=========================================================================
Timing constraint: Default period analysis for Clock 'clk'
  Clock period: 1.736ns (frequency: 576.070MHz)
  Total number of paths / destination ports: 778 / 274
-------------------------------------------------------------------------
Delay:               1.736ns (Levels of Logic = 1)
  Source:            shifty/alt_old (FF)
  Destination:       shifty/alt_old (FF)
  Source Clock:      clk rising
  Destination Clock: clk rising

  Data Path: shifty/alt_old to shifty/alt_old
                                Gate     Net
    Cell:in->out      fanout   Delay   Delay  Logical Name (Net Name)
    ----------------------------------------  ------------
     FD:C->Q              15   0.447   0.982  shifty/alt_old (shifty/alt_old)
     LUT3:I2->O           18   0.205   0.000  shifty/alt_old_rstpot (shifty/alt_old_rstpot)
     FD:D                      0.102          shifty/alt_old
    ----------------------------------------
    Total                      1.736ns (0.754ns logic, 0.982ns route)
                                       (43.4% logic, 56.6% route)

=========================================================================
Timing constraint: Default OFFSET IN BEFORE for Clock 'clk'
  Total number of paths / destination ports: 556 / 530
-------------------------------------------------------------------------
Offset:              3.841ns (Levels of Logic = 2)
  Source:            alt (PAD)
  Destination:       shifty/mah_data_255 (FF)
  Destination Clock: clk rising

  Data Path: alt to shifty/mah_data_255
                                Gate     Net
    Cell:in->out      fanout   Delay   Delay  Logical Name (Net Name)
    ----------------------------------------  ------------
     IBUF:I->O           257   1.222   2.314  alt_IBUF (alt_IBUF)
     LUT4:I0->O            1   0.203   0.000  shifty/mah_data_255_rstpot (shifty/mah_data_255_rstpot)
     FDC:D                     0.102          shifty/mah_data_255
    ----------------------------------------
    Total                      3.841ns (1.527ns logic, 2.314ns route)
                                       (39.8% logic, 60.2% route)

=========================================================================
Timing constraint: Default OFFSET OUT AFTER for Clock 'clk'
  Total number of paths / destination ports: 54 / 9
-------------------------------------------------------------------------
Offset:              6.747ns (Levels of Logic = 4)
  Source:            shifty/mah_data_240 (FF)
  Destination:       bad (PAD)
  Source Clock:      clk rising

  Data Path: shifty/mah_data_240 to bad
                                Gate     Net
    Cell:in->out      fanout   Delay   Delay  Logical Name (Net Name)
    ----------------------------------------  ------------
     FDC:C->Q              4   0.447   1.048  shifty/mah_data_240 (shifty/mah_data_240)
     LUT6:I0->O            1   0.203   0.808  bad4 (bad4)
     LUT6:I3->O            1   0.205   0.684  bad8 (bad8)
     LUT5:I3->O            1   0.203   0.579  bad10 (bad_OBUF)
     OBUF:I->O                 2.571          bad_OBUF (bad)
    ----------------------------------------
    Total                      6.747ns (3.629ns logic, 3.118ns route)
                                       (53.8% logic, 46.2% route)

=========================================================================

Cross Clock Domains Report:
--------------------------

Clock to Setup on destination clock clk
---------------+---------+---------+---------+---------+
               | Src:Rise| Src:Fall| Src:Rise| Src:Fall|
Source Clock   |Dest:Rise|Dest:Rise|Dest:Fall|Dest:Fall|
---------------+---------+---------+---------+---------+
clk            |    1.736|         |         |         |
---------------+---------+---------+---------+---------+

=========================================================================


Total REAL time to Xst completion: 10.00 secs
Total CPU time to Xst completion: 10.12 secs
 
--> 

Total memory usage is 269644 kilobytes

Number of errors   :    0 (   0 filtered)
Number of warnings :   11 (   0 filtered)
Number of infos    :    0 (   0 filtered)

