C:\Users\C15Kevin.Cooper\Desktop\Documents\ECE383\final_project_2\implementation\system.ngc 1399049897
C:/Users/C15Kevin.Cooper/Desktop/Documents/ECE383/final_project_2/implementation/system_ethernet_lite_wrapper.ngc 1399049873
C:/Users/C15Kevin.Cooper/Desktop/Documents/ECE383/final_project_2/implementation/system_rs232_uart_1_wrapper.ngc 1399049645
C:/Users/C15Kevin.Cooper/Desktop/Documents/ECE383/final_project_2/implementation/system_proc_sys_reset_0_wrapper.ngc 1399049480
C:/Users/C15Kevin.Cooper/Desktop/Documents/ECE383/final_project_2/implementation/system_clock_generator_0_wrapper.ngc 1399049856
C:/Users/C15Kevin.Cooper/Desktop/Documents/ECE383/final_project_2/implementation/system_microblaze_0_ilmb_wrapper.ngc 1399049843
C:/Users/C15Kevin.Cooper/Desktop/Documents/ECE383/final_project_2/implementation/system_microblaze_0_dlmb_wrapper.ngc 1399049847
C:/Users/C15Kevin.Cooper/Desktop/Documents/ECE383/final_project_2/implementation/system_mcb_ddr2_wrapper.ngc 1399049868
C:/Users/C15Kevin.Cooper/Desktop/Documents/ECE383/final_project_2/implementation/system_axi4lite_0_wrapper.ngc 1399049860
C:/Users/C15Kevin.Cooper/Desktop/Documents/ECE383/final_project_2/implementation/system_axi4_0_wrapper.ngc 1399049864
C:/Users/C15Kevin.Cooper/Desktop/Documents/ECE383/final_project_2/implementation/system_microblaze_0_wrapper.ngc 1399049852
C:/Users/C15Kevin.Cooper/Desktop/Documents/ECE383/final_project_2/implementation/system_microblaze_0_intc_wrapper.ngc 1399049493
C:/Users/C15Kevin.Cooper/Desktop/Documents/ECE383/final_project_2/implementation/system_microblaze_0_i_bram_ctrl_wrapper.ngc 1399049506
C:/Users/C15Kevin.Cooper/Desktop/Documents/ECE383/final_project_2/implementation/system_microblaze_0_d_bram_ctrl_wrapper.ngc 1399049520
C:/Users/C15Kevin.Cooper/Desktop/Documents/ECE383/final_project_2/implementation/system_debug_module_wrapper.ngc 1399049586
C:/Users/C15Kevin.Cooper/Desktop/Documents/ECE383/final_project_2/implementation/system_axi_timer_0_wrapper.ngc 1399049608
C:/Users/C15Kevin.Cooper/Desktop/Documents/ECE383/final_project_2/implementation/system_microblaze_0_bram_block_wrapper.ngc 1399049527
OK
