C:\Users\C15Kevin.Cooper\Desktop\Documents\ECE383\final_project_2\implementation\system.ngc 1399534466
C:/Users/C15Kevin.Cooper/Desktop/Documents/ECE383/final_project_2/implementation/system_ethernet_lite_wrapper.ngc 1399534414
C:/Users/C15Kevin.Cooper/Desktop/Documents/ECE383/final_project_2/implementation/system_rs232_uart_1_wrapper.ngc 1399534414
C:/Users/C15Kevin.Cooper/Desktop/Documents/ECE383/final_project_2/implementation/system_proc_sys_reset_0_wrapper.ngc 1399534414
C:/Users/C15Kevin.Cooper/Desktop/Documents/ECE383/final_project_2/implementation/system_clock_generator_0_wrapper.ngc 1399534440
C:/Users/C15Kevin.Cooper/Desktop/Documents/ECE383/final_project_2/implementation/system_microblaze_0_ilmb_wrapper.ngc 1399534414
C:/Users/C15Kevin.Cooper/Desktop/Documents/ECE383/final_project_2/implementation/system_microblaze_0_dlmb_wrapper.ngc 1399534414
C:/Users/C15Kevin.Cooper/Desktop/Documents/ECE383/final_project_2/implementation/system_mcb_ddr2_wrapper.ngc 1399534414
C:/Users/C15Kevin.Cooper/Desktop/Documents/ECE383/final_project_2/implementation/system_axi4lite_0_wrapper.ngc 1399534414
C:/Users/C15Kevin.Cooper/Desktop/Documents/ECE383/final_project_2/implementation/system_axi4_0_wrapper.ngc 1399534414
C:/Users/C15Kevin.Cooper/Desktop/Documents/ECE383/final_project_2/implementation/system_microblaze_0_wrapper.ngc 1399534414
C:/Users/C15Kevin.Cooper/Desktop/Documents/ECE383/final_project_2/implementation/system_microblaze_0_intc_wrapper.ngc 1399534414
C:/Users/C15Kevin.Cooper/Desktop/Documents/ECE383/final_project_2/implementation/system_microblaze_0_i_bram_ctrl_wrapper.ngc 1399534414
C:/Users/C15Kevin.Cooper/Desktop/Documents/ECE383/final_project_2/implementation/system_microblaze_0_d_bram_ctrl_wrapper.ngc 1399534414
C:/Users/C15Kevin.Cooper/Desktop/Documents/ECE383/final_project_2/implementation/system_debug_module_wrapper.ngc 1399534414
C:/Users/C15Kevin.Cooper/Desktop/Documents/ECE383/final_project_2/implementation/system_axi_timer_0_wrapper.ngc 1399534414
C:/Users/C15Kevin.Cooper/Desktop/Documents/ECE383/final_project_2/implementation/system_pattern_matcher_0_wrapper.ngc 1399534436
C:/Users/C15Kevin.Cooper/Desktop/Documents/ECE383/final_project_2/implementation/system_microblaze_0_bram_block_wrapper.ngc 1399534414
OK
