
**** Build of configuration Debug for project lwip_echo_server_0 ****

make all 
Building file: ../src/echo.c
Invoking: MicroBlaze gcc compiler
mb-gcc -Wall -O0 -g3 -c -fmessage-length=0 -Wl,--no-relax -I../../lwip_echo_server_bsp_0/microblaze_0/include -mlittle-endian -mxl-barrel-shift -mxl-pattern-compare -mcpu=v8.40.a -mno-xl-soft-mul -MMD -MP -MF"src/echo.d" -MT"src/echo.d" -o"src/echo.o" "../src/echo.c"
Finished building: ../src/echo.c
' '
Building target: lwip_echo_server_0.elf
Invoking: MicroBlaze gcc linker
mb-gcc -Wl,--no-relax -Wl,-T -Wl,../src/lscript.ld -L../../lwip_echo_server_bsp_0/microblaze_0/lib -mlittle-endian -mxl-barrel-shift -mxl-pattern-compare -mcpu=v8.40.a -mno-xl-soft-mul -o"lwip_echo_server_0.elf"  ./src/echo.o ./src/main.o ./src/platform.o ./src/platform_mb.o ./src/platform_ppc.o ./src/platform_zynq.o   -Wl,--start-group,-lxil,-lgcc,-lc,--end-group -Wl,--start-group,-lxil,-llwip4,-lgcc,-lc,--end-group
Finished building target: lwip_echo_server_0.elf
' '
Invoking: MicroBlaze Print Size
mb-size lwip_echo_server_0.elf  |tee "lwip_echo_server_0.elf.size"
   text	   data	    bss	    dec	    hex	filename
 124068	   1564	 717528	 843160	  cdd98	lwip_echo_server_0.elf
Finished building: lwip_echo_server_0.elf.size
' '
Invoking: Xilinx ELF Check
elfcheck lwip_echo_server_0.elf -hw ../../final_project_2_hw_platform/system.xml -pe microblaze_0  |tee "lwip_echo_server_0.elf.elfcheck"
elfcheck
Xilinx EDK 14.2 Build EDK_P.28xd
Copyright (c) 1995-2012 Xilinx, Inc.  All rights reserved.

Command Line: elfcheck -hw ../../final_project_2_hw_platform/system.xml -pe
microblaze_0 lwip_echo_server_0.elf 

ELF file	: lwip_echo_server_0.elf
elfcheck passed.
Finished building: lwip_echo_server_0.elf.elfcheck
' '
